core_cm7.h:2229:22:SCB_EnableICache	4	static,ignoring_inline_asm
core_cm7.h:2281:22:SCB_EnableDCache	24	static,ignoring_inline_asm
main.c:76:5:_write	24	static
main.c:88:5:main	48	static
main.c:164:6:SystemClock_Config	216	static
main.c:225:13:MX_QUADSPI_Init	8	static
main.c:260:13:MX_USART1_UART_Init	8	static
main.c:295:13:MX_GPIO_Init	32	static
main.c:314:6:HAL_QSPI_CmdCpltCallback	16	static
main.c:324:6:HAL_QSPI_RxCpltCallback	16	static
main.c:334:6:HAL_QSPI_TxCpltCallback	16	static
main.c:344:6:HAL_QSPI_StatusMatchCallback	16	static
main.c:354:13:QSPI_WriteEnable	96	static
main.c:397:13:QSPI_AutoPollingMemReady	96	static
main.c:431:13:QSPI_DummyCyclesCfg	88	static,ignoring_inline_asm
main.c:475:13:CPU_CACHE_Enable	8	static
main.c:492:6:StartDefaultTask	88	static
main.c:652:6:HAL_TIM_PeriodElapsedCallback	16	static
main.c:669:6:Error_Handler	4	static,ignoring_inline_asm
